[Licensing::Module] Trying to connect to existing licensing client channel...
Built from '6000.4/staging' branch; Version is '6000.4.7f1 (f3c3c4248748) revision 15975364'; Using compiler version '194234433'; Build Type 'Release'
OS: 'Windows 11  (10.0.26200) CoreSingleLanguage' Language: 'es' Physical Memory: 20322 MB
BatchMode: 1, IsHumanControllingUs: 0, StartBugReporterOnCrash: 0, Is64bit: 1
System  architecture: x64
Process architecture: x64
Date: 2026-08-27T15:43:50Z
[Licensing::IpcConnector] Successfully connected to: "LicenseClient-USUARIO" at "2026-08-27T15:43:50.9742997Z"

COMMAND LINE ARGUMENTS:
C:\Program Files\Unity\Hub\Editor\6000.4.7f1\Editor\Unity.exe
-adb2
-batchMode
-noUpm
-name
AssetImportWorker1
-projectPath
C:/Users/USUARIO/OneDrive/Desktop/Radio/Pagina-Web-R/proyectoJuegoUNAD
-logFile
Logs/AssetImportWorker1.log
-srvPort
50073
-licensingIpc
LicenseClient-USUARIO
-force-d3d12
-job-worker-count
3
-background-job-worker-count
8
-gc-helper-count
1
-name
AssetImport
Successfully changed project path to: C:/Users/USUARIO/OneDrive/Desktop/Radio/Pagina-Web-R/proyectoJuegoUNAD
C:/Users/USUARIO/OneDrive/Desktop/Radio/Pagina-Web-R/proyectoJuegoUNAD
[UnityMemory] Configuration Parameters - Can be set up in boot.config
    "memorysetup-temp-allocator-size-gi-baking-worker=262144"
    "memorysetup-temp-allocator-size-gi-baking-worker=262144"
    "memorysetup-temp-allocator-size-gi-baking-worker=262144"
    "memorysetup-temp-allocator-size-gi-baking-worker=262144"
    "memorysetup-temp-allocator-size-gi-baking-worker=262144"
    "memorysetup-temp-allocator-size-nav-mesh-worker=65536"
    "memorysetup-temp-allocator-size-audio-worker=65536"
    "memorysetup-temp-allocator-size-cloud-worker=32768"
    "memorysetup-temp-allocator-size-gfx=262144"
    "memorysetup-temp-allocator-size-preload-manager=33554432"
    "memorysetup-temp-allocator-size-job-worker=262144"
    "memorysetup-temp-allocator-size-background-worker=32768"
    "memorysetup-allocator-temp-initial-block-size-main=262144"
    "memorysetup-allocator-temp-initial-block-size-worker=262144"
    "memorysetup-bucket-allocator-granularity=16"
    "memorysetup-bucket-allocator-bucket-count=8"
    "memorysetup-bucket-allocator-block-size=33554432"
    "memorysetup-bucket-allocator-block-count=8"
    "memorysetup-main-allocator-block-size=16777216"
    "memorysetup-thread-allocator-block-size=16777216"
    "memorysetup-gfx-main-allocator-block-size=16777216"
    "memorysetup-gfx-thread-allocator-block-size=16777216"
    "memorysetup-cache-allocator-block-size=4194304"
    "memorysetup-typetree-allocator-block-size=2097152"
    "memorysetup-profiler-bucket-allocator-granularity=16"
    "memorysetup-profiler-bucket-allocator-bucket-count=8"
    "memorysetup-profiler-bucket-allocator-block-size=33554432"
    "memorysetup-profiler-bucket-allocator-block-count=8"
    "memorysetup-profiler-allocator-block-size=16777216"
    "memorysetup-profiler-editor-allocator-block-size=1048576"
    "memorysetup-temp-allocator-size-main=16777216"
    "memorysetup-job-temp-allocator-block-size=2097152"
    "memorysetup-job-temp-allocator-block-size-background=1048576"
    "memorysetup-job-temp-allocator-reduction-small-platforms=262144"
Player connection [20444]  Target information:

Player connection [20444]  * "[IP] 192.168.26.14 [Port] 0 [Flags] 2 [Guid] 152573035 [EditorId] 152573035 [Version] 1048832 [Id] WindowsEditor(7,DESKTOP-H92765C) [Debug] 1 [PackageName] WindowsEditor [ProjectName] Editor" 

Player connection [20444] Host joined multi-casting on [225.0.0.222:54997]...
Player connection [20444] Host joined alternative multi-casting on [225.0.0.222:34997]...
JobSystem: Creating JobQueue using job-worker-count value 3
Input System module state changed to: Initialized.
[Physics::Module] Initialized fallback backend.
[Physics::Module] Id: 0xdecafbad
Library Redirect Path: Library/
[Physics::Module] Selected backend.
[Physics::Module] Name: PhysX
[Physics::Module] Id: 0xf2b8ea05
[Physics::Module] SDK Version: 4.1.2
[Physics::Module] Integration Version: 1.0.0
[Physics::Module] Threading Mode: Multi-Threaded
Initialize engine version: 6000.4.7f1 (f3c3c4248748)
[Subsystems] Discovering subsystems at path C:/Program Files/Unity/Hub/Editor/6000.4.7f1/Editor/Data/Resources/UnitySubsystems
[Subsystems] Discovering subsystems at path C:/Users/USUARIO/OneDrive/Desktop/Radio/Pagina-Web-R/proyectoJuegoUNAD/Assets
Forcing GfxDevice: Direct3D 12
GfxDevice: creating device client; kGfxThreadingModeNonThreaded
d3d12: failed to query info queue interface (0x80004002).
Direct3D:
    Version:         Direct3D 12 [level 12.1]
    Renderer:        NVIDIA GeForce GTX 1050 (ID=0x1c8d)
    Vendor:          NVIDIA
    VRAM:            4004 MB
    App VRAM Budget: 3403 MB
    Driver:          32.0.15.8180
Initialize mono
Mono path[0] = 'C:/Program Files/Unity/Hub/Editor/6000.4.7f1/Editor/Data/Managed'
Mono path[1] = 'C:/Program Files/Unity/Hub/Editor/6000.4.7f1/Editor/Data/MonoBleedingEdge/lib/mono/unityjit-win32'
Mono config path = 'C:/Program Files/Unity/Hub/Editor/6000.4.7f1/Editor/Data/MonoBleedingEdge/etc'
Using monoOptions --debugger-agent=transport=dt_socket,embedding=1,server=y,suspend=n,address=127.0.0.1:56860
CodeReloadManager initialized
Begin MonoManager ReloadAssembly
Registering precompiled unity dll's ...
Register platform support module: C:/Program Files/Unity/Hub/Editor/6000.4.7f1/Editor/Data/PlaybackEngines/WindowsStandaloneSupport/UnityEditor.WindowsStandalone.Extensions.dll
Registered in 0.346008 seconds.
Native extension for WindowsStandalone target not found
Package Manager log level set to [2]
[Package Manager] Failed to launch server process. Reason: Unity was launched with the -noUpm command-line argument
[Package Manager] Unable to send message (not connected to server process).
[Package Manager] Cannot connect to Unity Package Manager local server
ScheduleIndexationOnStartup MainProcess:False IndexOnStartup:True
Mono: successfully reloaded assembly
- Finished resetting the current domain, in  9.548 seconds
Domain Reload Profiling: 22746ms
	BeginReloadAssembly (4838ms)
		ReleaseScriptingObjects (13ms)
		CreateAndSetChildDomain (20ms)
	RebuildCommonClasses (1004ms)
	RebuildNativeTypeToScriptingClass (436ms)
	initialDomainReloadingComplete (2195ms)
	LoadAllAssembliesAndSetupDomain (4688ms)
		LoadAssemblies (4733ms)
		AnalyzeDomain (4526ms)
			TypeCache.Refresh (4511ms)
				TypeCache.ScanAssembly (4271ms)
			ResolveRequiredComponents (5ms)
	FinalizeReload (9585ms)
		SetupLoadedEditorAssemblies (0ms)
			InitializePlatformSupportModulesInManaged (927ms)
			BeforeProcessingInitializeOnLoad (2233ms)
			ProcessInitializeOnLoadAttributes (3128ms)
			ProcessInitializeOnLoadMethodAttributes (2043ms)
========================================================================
Worker process is ready to serve import requests
Import Worker Mode flag is 0x00
Begin MonoManager ReloadAssembly
[Licensing::Module] Licensing is not yet initialized.
[Licensing::Client] Error: HandshakeResponse reported an error:
	ResponseCode: 505
	ResponseStatus: Unsupported protocol version '1.18.1'.
[Licensing::Module] Error: Failed to handshake to channel: "LicenseClient-USUARIO"
[Licensing::IpcConnector] LicenseClient-USUARIO channel disconnected successfully.
[Licensing::IpcConnector] Successfully connected to: "LicenseClient-USUARIO-6000.4.7" at "2026-08-27T15:44:35.9778374Z"
[Licensing::Client] Code 10 while verifying Licensing Client signature (process Id: 20700, path: "C:/Program Files/Unity/Hub/Editor/6000.4.7f1/Editor/Data/Resources/Licensing/Client/Unity.Licensing.Client.exe")
[Licensing::Module] LicensingClient has failed validation; ignoring
[Licensing::Client] Handshaking with LicensingClient:
  Version:                 1.18.1+9fbee8e
  Session Id:              d2efd544c1c54d079d88346e19cb01ce
  Correlation Id:          7cd95c6e8a4209f59608fc1c45d7a145
  External correlation Id: 7376857310431900615
  Machine Id:              ZZbVXcl6vuUs6riJznSFmQjDZAU=
[Licensing::Module] Successfully connected to LicensingClient on channel: "LicenseClient-USUARIO-6000.4.7" (connect: 0.02s, validation: 0.02s, handshake: 0.19s)
[Licensing::IpcConnector] Successfully connected to: "LicenseClient-USUARIO-6000.4.7-notifications" at "2026-08-27T15:44:36.2327145Z"
[Licensing::Module] Licensing Background thread has ended after 45.27s
[Licensing::Module] Licensing is initialized (took 8.87s).
[Licensing::Client] Successfully resolved entitlement details
[Licensing::Module] License group:
  Id: 4674137433733-UnityPersXXXX
  Product: Unity Personal
  Type: Assigned
  Expiration: Unlimited
Assembly Assembly-CSharp-Editor-firstpass.dll at Library/ScriptAssemblies/Assembly-CSharp-Editor-firstpass.dll not valid. Loading of assembly skipped.
Assembly Assembly-CSharp-Editor.dll at Library/ScriptAssemblies/Assembly-CSharp-Editor.dll not valid. Loading of assembly skipped.
Assembly Assembly-CSharp-firstpass.dll at Library/ScriptAssemblies/Assembly-CSharp-firstpass.dll not valid. Loading of assembly skipped.
Assembly Assembly-CSharp.dll at Library/ScriptAssemblies/Assembly-CSharp.dll not valid. Loading of assembly skipped.
Assembly Unity.Multiplayer.Center.Editor.Tests.dll at Library/ScriptAssemblies/Unity.Multiplayer.Center.Editor.Tests.dll not valid. Loading of assembly skipped.
Assembly Unity.Multiplayer.Center.Tests.dll at Library/ScriptAssemblies/Unity.Multiplayer.Center.Tests.dll not valid. Loading of assembly skipped.
Native extension for WindowsStandalone target not found
[Package Manager] Failed to launch server process. Reason: Unity was launched with the -noUpm command-line argument
[Package Manager] Unable to send message (not connected to server process).
[Package Manager] Cannot connect to Unity Package Manager local server
ScheduleIndexationOnStartup MainProcess:False IndexOnStartup:True
Mono: successfully reloaded assembly
- Finished resetting the current domain, in  4.376 seconds
Domain Reload Profiling: 21101ms
	BeginReloadAssembly (15412ms)
		DisableScriptedObjects (792ms)
		CreateAndSetChildDomain (492ms)
	RebuildCommonClasses (586ms)
	RebuildNativeTypeToScriptingClass (192ms)
	initialDomainReloadingComplete (380ms)
	LoadAllAssembliesAndSetupDomain (149ms)
		LoadAssemblies (2924ms)
		AnalyzeDomain (71ms)
			TypeCache.Refresh (52ms)
				TypeCache.ScanAssembly (14ms)
			BuildScriptInfoCaches (8ms)
	FinalizeReload (4383ms)
		SetupLoadedEditorAssemblies (0ms)
			InitializePlatformSupportModulesInManaged (21ms)
			BeforeProcessingInitializeOnLoad (1228ms)
			ProcessInitializeOnLoadAttributes (1063ms)
			ProcessInitializeOnLoadMethodAttributes (492ms)
			AfterProcessingInitializeOnLoad (64ms)
		AwakeInstancesAfterBackupRestoration (109ms)
Launched and connected shader compiler UnityShaderCompiler.exe after 0.09 seconds
Unloading 0 Unused Serialized files (Serialized files now loaded: 0)
Unloading 64 unused Assets / (30.3 KB). Loaded Objects now: 663.
Memory consumption went from 63.2 MB to 63.1 MB.
Total: 29.735400 ms (FindLiveObjects: 0.150400 ms CreateObjectMapping: 0.033400 ms MarkObjects: 29.017000 ms  DeleteObjects: 0.514100 ms)

========================================================================
Received Import Request.
  Time since last request: 8120.835715 seconds.
  path: Packages/com.unity.multiplayer.center/package.json
  importAddress: Guid(df0857f6a11054383be91b1f8e1b5800) Importer(815301076,1909f56bfc062723c751e8b465ee728b)
Start importing Packages/com.unity.multiplayer.center/package.json using Guid(df0857f6a11054383be91b1f8e1b5800) Importer(815301076,1909f56bfc062723c751e8b465ee728b) (PreviewImporter) -> (Import Result ID: 'af69e0ec284bd546f16933deca8865f0') in 0.3299406 seconds [static and dynamic dependencies]. Details - ImportResultOutputID=ed2133436cad400a2559f83549ff92dc DependenciesID=0502bd5709c2578d3be855d41beaefae StaticDependenciesID=6fbd7d69e016b55b724f7876e95bfa4c 
Number of updated asset objects reloaded before import = 0Number of asset objects unloaded after import = 1

